// Jest Snapshot v1, https://goo.gl/fbAQLP

exports[`should renders correctly 1`] = `
<div
  className="ReactVirtualized__Table"
  id={undefined}
  role="grid"
  style={Object {}}
>
  <div
    className="ReactVirtualized__Table__headerRow test--people-list__row"
    role="row"
    style={
      Object {
        "height": 30,
        "overflow": "hidden",
        "paddingRight": 0,
        "width": 600,
      }
    }
  >
    <div
      className="ReactVirtualized__Table__headerColumn"
      role="columnheader"
      style={
        Object {
          "WebkitFlex": "0 1 200px",
          "flex": "0 1 200px",
          "msFlex": "0 1 200px",
        }
      }
    >
      <span
        className="ReactVirtualized__Table__headerTruncatedText"
        title="First Name"
      >
        First Name
      </span>
    </div>
    <div
      className="ReactVirtualized__Table__headerColumn"
      role="columnheader"
      style={
        Object {
          "WebkitFlex": "0 1 200px",
          "flex": "0 1 200px",
          "msFlex": "0 1 200px",
        }
      }
    >
      <span
        className="ReactVirtualized__Table__headerTruncatedText"
        title="Last Name"
      >
        Last Name
      </span>
    </div>
    <div
      className="ReactVirtualized__Table__headerColumn"
      role="columnheader"
      style={
        Object {
          "WebkitFlex": "0 1 200px",
          "flex": "0 1 200px",
          "msFlex": "0 1 200px",
        }
      }
    >
      <span
        className="ReactVirtualized__Table__headerTruncatedText"
        title="Email"
      >
        Email
      </span>
    </div>
  </div>
  <div
    aria-label="grid"
    className="ReactVirtualized__Grid ReactVirtualized__Table__Grid"
    id={undefined}
    onScroll={[Function]}
    role="rowgroup"
    style={
      Object {
        "WebkitOverflowScrolling": "touch",
        "boxSizing": "border-box",
        "direction": "ltr",
        "height": 270,
        "overflowX": "hidden",
        "overflowY": "auto",
        "position": "relative",
        "width": 600,
        "willChange": "transform",
      }
    }
    tabIndex={0}
  >
    <div
      className="ReactVirtualized__Grid__innerScrollContainer"
      style={
        Object {
          "height": 1000,
          "maxHeight": 1000,
          "maxWidth": 600,
          "overflow": "hidden",
          "pointerEvents": "",
          "position": "relative",
          "width": "auto",
        }
      }
    >
      <div
        className="ReactVirtualized__Table__row test--people-list__row"
        role="row"
        style={
          Object {
            "height": 20,
            "left": 0,
            "overflow": "hidden",
            "paddingRight": 0,
            "position": "absolute",
            "top": 0,
            "width": 600,
          }
        }
      >
        <div
          className="ReactVirtualized__Table__rowColumn"
          role="gridcell"
          style={
            Object {
              "WebkitFlex": "0 1 200px",
              "flex": "0 1 200px",
              "msFlex": "0 1 200px",
              "overflow": "hidden",
            }
          }
          title="0.5656637192872351"
        >
          0.5656637192872351
        </div>
        <div
          className="ReactVirtualized__Table__rowColumn"
          role="gridcell"
          style={
            Object {
              "WebkitFlex": "0 1 200px",
              "flex": "0 1 200px",
              "msFlex": "0 1 200px",
              "overflow": "hidden",
            }
          }
          title="0.5908278392556756"
        >
          0.5908278392556756
        </div>
        <div
          className="ReactVirtualized__Table__rowColumn"
          role="gridcell"
          style={
            Object {
              "WebkitFlex": "0 1 200px",
              "flex": "0 1 200px",
              "msFlex": "0 1 200px",
              "overflow": "hidden",
            }
          }
          title="0.04695975811682929@0.056216406253999374"
        >
          0.04695975811682929@0.056216406253999374
        </div>
      </div>
      <div
        className="ReactVirtualized__Table__row test--people-list__row"
        role="row"
        style={
          Object {
            "height": 20,
            "left": 0,
            "overflow": "hidden",
            "paddingRight": 0,
            "position": "absolute",
            "top": 20,
            "width": 600,
          }
        }
      >
        <div
          className="ReactVirtualized__Table__rowColumn"
          role="gridcell"
          style={
            Object {
              "WebkitFlex": "0 1 200px",
              "flex": "0 1 200px",
              "msFlex": "0 1 200px",
              "overflow": "hidden",
            }
          }
          title="0.5145649338672105"
        >
          0.5145649338672105
        </div>
        <div
          className="ReactVirtualized__Table__rowColumn"
          role="gridcell"
          style={
            Object {
              "WebkitFlex": "0 1 200px",
              "flex": "0 1 200px",
              "msFlex": "0 1 200px",
              "overflow": "hidden",
            }
          }
          title="0.14768866533880542"
        >
          0.14768866533880542
        </div>
        <div
          className="ReactVirtualized__Table__rowColumn"
          role="gridcell"
          style={
            Object {
              "WebkitFlex": "0 1 200px",
              "flex": "0 1 200px",
              "msFlex": "0 1 200px",
              "overflow": "hidden",
            }
          }
          title="0.9658956194208237@0.6348304540566205"
        >
          0.9658956194208237@0.6348304540566205
        </div>
      </div>
      <div
        className="ReactVirtualized__Table__row test--people-list__row"
        role="row"
        style={
          Object {
            "height": 20,
            "left": 0,
            "overflow": "hidden",
            "paddingRight": 0,
            "position": "absolute",
            "top": 40,
            "width": 600,
          }
        }
      >
        <div
          className="ReactVirtualized__Table__rowColumn"
          role="gridcell"
          style={
            Object {
              "WebkitFlex": "0 1 200px",
              "flex": "0 1 200px",
              "msFlex": "0 1 200px",
              "overflow": "hidden",
            }
          }
          title="0.27987606880873916"
        >
          0.27987606880873916
        </div>
        <div
          className="ReactVirtualized__Table__rowColumn"
          role="gridcell"
          style={
            Object {
              "WebkitFlex": "0 1 200px",
              "flex": "0 1 200px",
              "msFlex": "0 1 200px",
              "overflow": "hidden",
            }
          }
          title="0.9267375810108773"
        >
          0.9267375810108773
        </div>
        <div
          className="ReactVirtualized__Table__rowColumn"
          role="gridcell"
          style={
            Object {
              "WebkitFlex": "0 1 200px",
              "flex": "0 1 200px",
              "msFlex": "0 1 200px",
              "overflow": "hidden",
            }
          }
          title="0.3288719878054207@0.146267920452813"
        >
          0.3288719878054207@0.146267920452813
        </div>
      </div>
      <div
        className="ReactVirtualized__Table__row test--people-list__row"
        role="row"
        style={
          Object {
            "height": 20,
            "left": 0,
            "overflow": "hidden",
            "paddingRight": 0,
            "position": "absolute",
            "top": 60,
            "width": 600,
          }
        }
      >
        <div
          className="ReactVirtualized__Table__rowColumn"
          role="gridcell"
          style={
            Object {
              "WebkitFlex": "0 1 200px",
              "flex": "0 1 200px",
              "msFlex": "0 1 200px",
              "overflow": "hidden",
            }
          }
          title="0.7522552087519792"
        >
          0.7522552087519792
        </div>
        <div
          className="ReactVirtualized__Table__rowColumn"
          role="gridcell"
          style={
            Object {
              "WebkitFlex": "0 1 200px",
              "flex": "0 1 200px",
              "msFlex": "0 1 200px",
              "overflow": "hidden",
            }
          }
          title="0.21195529421888648"
        >
          0.21195529421888648
        </div>
        <div
          className="ReactVirtualized__Table__rowColumn"
          role="gridcell"
          style={
            Object {
              "WebkitFlex": "0 1 200px",
              "flex": "0 1 200px",
              "msFlex": "0 1 200px",
              "overflow": "hidden",
            }
          }
          title="0.130732168921309@0.9715551489692931"
        >
          0.130732168921309@0.9715551489692931
        </div>
      </div>
      <div
        className="ReactVirtualized__Table__row test--people-list__row"
        role="row"
        style={
          Object {
            "height": 20,
            "left": 0,
            "overflow": "hidden",
            "paddingRight": 0,
            "position": "absolute",
            "top": 80,
            "width": 600,
          }
        }
      >
        <div
          className="ReactVirtualized__Table__rowColumn"
          role="gridcell"
          style={
            Object {
              "WebkitFlex": "0 1 200px",
              "flex": "0 1 200px",
              "msFlex": "0 1 200px",
              "overflow": "hidden",
            }
          }
          title="0.4890565445037611"
        >
          0.4890565445037611
        </div>
        <div
          className="ReactVirtualized__Table__rowColumn"
          role="gridcell"
          style={
            Object {
              "WebkitFlex": "0 1 200px",
              "flex": "0 1 200px",
              "msFlex": "0 1 200px",
              "overflow": "hidden",
            }
          }
          title="0.759719458332393"
        >
          0.759719458332393
        </div>
        <div
          className="ReactVirtualized__Table__rowColumn"
          role="gridcell"
          style={
            Object {
              "WebkitFlex": "0 1 200px",
              "flex": "0 1 200px",
              "msFlex": "0 1 200px",
              "overflow": "hidden",
            }
          }
          title="0.5093733397236917@0.7331180621571278"
        >
          0.5093733397236917@0.7331180621571278
        </div>
      </div>
      <div
        className="ReactVirtualized__Table__row test--people-list__row"
        role="row"
        style={
          Object {
            "height": 20,
            "left": 0,
            "overflow": "hidden",
            "paddingRight": 0,
            "position": "absolute",
            "top": 100,
            "width": 600,
          }
        }
      >
        <div
          className="ReactVirtualized__Table__rowColumn"
          role="gridcell"
          style={
            Object {
              "WebkitFlex": "0 1 200px",
              "flex": "0 1 200px",
              "msFlex": "0 1 200px",
              "overflow": "hidden",
            }
          }
          title="0.21561455608671376"
        >
          0.21561455608671376
        </div>
        <div
          className="ReactVirtualized__Table__rowColumn"
          role="gridcell"
          style={
            Object {
              "WebkitFlex": "0 1 200px",
              "flex": "0 1 200px",
              "msFlex": "0 1 200px",
              "overflow": "hidden",
            }
          }
          title="0.7366917407699689"
        >
          0.7366917407699689
        </div>
        <div
          className="ReactVirtualized__Table__rowColumn"
          role="gridcell"
          style={
            Object {
              "WebkitFlex": "0 1 200px",
              "flex": "0 1 200px",
              "msFlex": "0 1 200px",
              "overflow": "hidden",
            }
          }
          title="0.048998290951989265@0.32334850352029565"
        >
          0.048998290951989265@0.32334850352029565
        </div>
      </div>
      <div
        className="ReactVirtualized__Table__row test--people-list__row"
        role="row"
        style={
          Object {
            "height": 20,
            "left": 0,
            "overflow": "hidden",
            "paddingRight": 0,
            "position": "absolute",
            "top": 120,
            "width": 600,
          }
        }
      >
        <div
          className="ReactVirtualized__Table__rowColumn"
          role="gridcell"
          style={
            Object {
              "WebkitFlex": "0 1 200px",
              "flex": "0 1 200px",
              "msFlex": "0 1 200px",
              "overflow": "hidden",
            }
          }
          title="0.36002170650660115"
        >
          0.36002170650660115
        </div>
        <div
          className="ReactVirtualized__Table__rowColumn"
          role="gridcell"
          style={
            Object {
              "WebkitFlex": "0 1 200px",
              "flex": "0 1 200px",
              "msFlex": "0 1 200px",
              "overflow": "hidden",
            }
          }
          title="0.0980549967291362"
        >
          0.0980549967291362
        </div>
        <div
          className="ReactVirtualized__Table__rowColumn"
          role="gridcell"
          style={
            Object {
              "WebkitFlex": "0 1 200px",
              "flex": "0 1 200px",
              "msFlex": "0 1 200px",
              "overflow": "hidden",
            }
          }
          title="0.5661560427219732@0.43466510540490155"
        >
          0.5661560427219732@0.43466510540490155
        </div>
      </div>
      <div
        className="ReactVirtualized__Table__row test--people-list__row"
        role="row"
        style={
          Object {
            "height": 20,
            "left": 0,
            "overflow": "hidden",
            "paddingRight": 0,
            "position": "absolute",
            "top": 140,
            "width": 600,
          }
        }
      >
        <div
          className="ReactVirtualized__Table__rowColumn"
          role="gridcell"
          style={
            Object {
              "WebkitFlex": "0 1 200px",
              "flex": "0 1 200px",
              "msFlex": "0 1 200px",
              "overflow": "hidden",
            }
          }
          title="0.43219549314955596"
        >
          0.43219549314955596
        </div>
        <div
          className="ReactVirtualized__Table__rowColumn"
          role="gridcell"
          style={
            Object {
              "WebkitFlex": "0 1 200px",
              "flex": "0 1 200px",
              "msFlex": "0 1 200px",
              "overflow": "hidden",
            }
          }
          title="0.15043875025891862"
        >
          0.15043875025891862
        </div>
        <div
          className="ReactVirtualized__Table__rowColumn"
          role="gridcell"
          style={
            Object {
              "WebkitFlex": "0 1 200px",
              "flex": "0 1 200px",
              "msFlex": "0 1 200px",
              "overflow": "hidden",
            }
          }
          title="0.7985648008147606@0.8155441787308715"
        >
          0.7985648008147606@0.8155441787308715
        </div>
      </div>
      <div
        className="ReactVirtualized__Table__row test--people-list__row"
        role="row"
        style={
          Object {
            "height": 20,
            "left": 0,
            "overflow": "hidden",
            "paddingRight": 0,
            "position": "absolute",
            "top": 160,
            "width": 600,
          }
        }
      >
        <div
          className="ReactVirtualized__Table__rowColumn"
          role="gridcell"
          style={
            Object {
              "WebkitFlex": "0 1 200px",
              "flex": "0 1 200px",
              "msFlex": "0 1 200px",
              "overflow": "hidden",
            }
          }
          title="0.8234860673393856"
        >
          0.8234860673393856
        </div>
        <div
          className="ReactVirtualized__Table__rowColumn"
          role="gridcell"
          style={
            Object {
              "WebkitFlex": "0 1 200px",
              "flex": "0 1 200px",
              "msFlex": "0 1 200px",
              "overflow": "hidden",
            }
          }
          title="0.13392911798597362"
        >
          0.13392911798597362
        </div>
        <div
          className="ReactVirtualized__Table__rowColumn"
          role="gridcell"
          style={
            Object {
              "WebkitFlex": "0 1 200px",
              "flex": "0 1 200px",
              "msFlex": "0 1 200px",
              "overflow": "hidden",
            }
          }
          title="0.14917899842024762@0.5296248766791309"
        >
          0.14917899842024762@0.5296248766791309
        </div>
      </div>
      <div
        className="ReactVirtualized__Table__row test--people-list__row"
        role="row"
        style={
          Object {
            "height": 20,
            "left": 0,
            "overflow": "hidden",
            "paddingRight": 0,
            "position": "absolute",
            "top": 180,
            "width": 600,
          }
        }
      >
        <div
          className="ReactVirtualized__Table__rowColumn"
          role="gridcell"
          style={
            Object {
              "WebkitFlex": "0 1 200px",
              "flex": "0 1 200px",
              "msFlex": "0 1 200px",
              "overflow": "hidden",
            }
          }
          title="0.6283802679943999"
        >
          0.6283802679943999
        </div>
        <div
          className="ReactVirtualized__Table__rowColumn"
          role="gridcell"
          style={
            Object {
              "WebkitFlex": "0 1 200px",
              "flex": "0 1 200px",
              "msFlex": "0 1 200px",
              "overflow": "hidden",
            }
          }
          title="0.30793989792293064"
        >
          0.30793989792293064
        </div>
        <div
          className="ReactVirtualized__Table__rowColumn"
          role="gridcell"
          style={
            Object {
              "WebkitFlex": "0 1 200px",
              "flex": "0 1 200px",
              "msFlex": "0 1 200px",
              "overflow": "hidden",
            }
          }
          title="0.3102911617121238@0.7296628694147842"
        >
          0.3102911617121238@0.7296628694147842
        </div>
      </div>
      <div
        className="ReactVirtualized__Table__row test--people-list__row"
        role="row"
        style={
          Object {
            "height": 20,
            "left": 0,
            "overflow": "hidden",
            "paddingRight": 0,
            "position": "absolute",
            "top": 200,
            "width": 600,
          }
        }
      >
        <div
          className="ReactVirtualized__Table__rowColumn"
          role="gridcell"
          style={
            Object {
              "WebkitFlex": "0 1 200px",
              "flex": "0 1 200px",
              "msFlex": "0 1 200px",
              "overflow": "hidden",
            }
          }
          title="0.08396856041195355"
        >
          0.08396856041195355
        </div>
        <div
          className="ReactVirtualized__Table__rowColumn"
          role="gridcell"
          style={
            Object {
              "WebkitFlex": "0 1 200px",
              "flex": "0 1 200px",
              "msFlex": "0 1 200px",
              "overflow": "hidden",
            }
          }
          title="0.8389307853071502"
        >
          0.8389307853071502
        </div>
        <div
          className="ReactVirtualized__Table__rowColumn"
          role="gridcell"
          style={
            Object {
              "WebkitFlex": "0 1 200px",
              "flex": "0 1 200px",
              "msFlex": "0 1 200px",
              "overflow": "hidden",
            }
          }
          title="0.7688416445586277@0.8166187849427717"
        >
          0.7688416445586277@0.8166187849427717
        </div>
      </div>
      <div
        className="ReactVirtualized__Table__row test--people-list__row"
        role="row"
        style={
          Object {
            "height": 20,
            "left": 0,
            "overflow": "hidden",
            "paddingRight": 0,
            "position": "absolute",
            "top": 220,
            "width": 600,
          }
        }
      >
        <div
          className="ReactVirtualized__Table__rowColumn"
          role="gridcell"
          style={
            Object {
              "WebkitFlex": "0 1 200px",
              "flex": "0 1 200px",
              "msFlex": "0 1 200px",
              "overflow": "hidden",
            }
          }
          title="0.30048623505574"
        >
          0.30048623505574
        </div>
        <div
          className="ReactVirtualized__Table__rowColumn"
          role="gridcell"
          style={
            Object {
              "WebkitFlex": "0 1 200px",
              "flex": "0 1 200px",
              "msFlex": "0 1 200px",
              "overflow": "hidden",
            }
          }
          title="0.29275496856228234"
        >
          0.29275496856228234
        </div>
        <div
          className="ReactVirtualized__Table__rowColumn"
          role="gridcell"
          style={
            Object {
              "WebkitFlex": "0 1 200px",
              "flex": "0 1 200px",
              "msFlex": "0 1 200px",
              "overflow": "hidden",
            }
          }
          title="0.17443619933322196@0.4909591030397198"
        >
          0.17443619933322196@0.4909591030397198
        </div>
      </div>
      <div
        className="ReactVirtualized__Table__row test--people-list__row"
        role="row"
        style={
          Object {
            "height": 20,
            "left": 0,
            "overflow": "hidden",
            "paddingRight": 0,
            "position": "absolute",
            "top": 240,
            "width": 600,
          }
        }
      >
        <div
          className="ReactVirtualized__Table__rowColumn"
          role="gridcell"
          style={
            Object {
              "WebkitFlex": "0 1 200px",
              "flex": "0 1 200px",
              "msFlex": "0 1 200px",
              "overflow": "hidden",
            }
          }
          title="0.18362377498599392"
        >
          0.18362377498599392
        </div>
        <div
          className="ReactVirtualized__Table__rowColumn"
          role="gridcell"
          style={
            Object {
              "WebkitFlex": "0 1 200px",
              "flex": "0 1 200px",
              "msFlex": "0 1 200px",
              "overflow": "hidden",
            }
          }
          title="0.8700109843183013"
        >
          0.8700109843183013
        </div>
        <div
          className="ReactVirtualized__Table__rowColumn"
          role="gridcell"
          style={
            Object {
              "WebkitFlex": "0 1 200px",
              "flex": "0 1 200px",
              "msFlex": "0 1 200px",
              "overflow": "hidden",
            }
          }
          title="0.2530690954957253@0.7771822314604147"
        >
          0.2530690954957253@0.7771822314604147
        </div>
      </div>
      <div
        className="ReactVirtualized__Table__row test--people-list__row"
        role="row"
        style={
          Object {
            "height": 20,
            "left": 0,
            "overflow": "hidden",
            "paddingRight": 0,
            "position": "absolute",
            "top": 260,
            "width": 600,
          }
        }
      >
        <div
          className="ReactVirtualized__Table__rowColumn"
          role="gridcell"
          style={
            Object {
              "WebkitFlex": "0 1 200px",
              "flex": "0 1 200px",
              "msFlex": "0 1 200px",
              "overflow": "hidden",
            }
          }
          title="0.5487719778449054"
        >
          0.5487719778449054
        </div>
        <div
          className="ReactVirtualized__Table__rowColumn"
          role="gridcell"
          style={
            Object {
              "WebkitFlex": "0 1 200px",
              "flex": "0 1 200px",
              "msFlex": "0 1 200px",
              "overflow": "hidden",
            }
          }
          title="0.6989103804400225"
        >
          0.6989103804400225
        </div>
        <div
          className="ReactVirtualized__Table__rowColumn"
          role="gridcell"
          style={
            Object {
              "WebkitFlex": "0 1 200px",
              "flex": "0 1 200px",
              "msFlex": "0 1 200px",
              "overflow": "hidden",
            }
          }
          title="0.6228852922563055@0.4488562945887167"
        >
          0.6228852922563055@0.4488562945887167
        </div>
      </div>
      <div
        className="ReactVirtualized__Table__row test--people-list__row"
        role="row"
        style={
          Object {
            "height": 20,
            "left": 0,
            "overflow": "hidden",
            "paddingRight": 0,
            "position": "absolute",
            "top": 280,
            "width": 600,
          }
        }
      >
        <div
          className="ReactVirtualized__Table__rowColumn"
          role="gridcell"
          style={
            Object {
              "WebkitFlex": "0 1 200px",
              "flex": "0 1 200px",
              "msFlex": "0 1 200px",
              "overflow": "hidden",
            }
          }
          title="0.034805405202984474"
        >
          0.034805405202984474
        </div>
        <div
          className="ReactVirtualized__Table__rowColumn"
          role="gridcell"
          style={
            Object {
              "WebkitFlex": "0 1 200px",
              "flex": "0 1 200px",
              "msFlex": "0 1 200px",
              "overflow": "hidden",
            }
          }
          title="0.9479726089459048"
        >
          0.9479726089459048
        </div>
        <div
          className="ReactVirtualized__Table__rowColumn"
          role="gridcell"
          style={
            Object {
              "WebkitFlex": "0 1 200px",
              "flex": "0 1 200px",
              "msFlex": "0 1 200px",
              "overflow": "hidden",
            }
          }
          title="0.7732481161274911@0.6281483997703623"
        >
          0.7732481161274911@0.6281483997703623
        </div>
      </div>
      <div
        className="ReactVirtualized__Table__row test--people-list__row"
        role="row"
        style={
          Object {
            "height": 20,
            "left": 0,
            "overflow": "hidden",
            "paddingRight": 0,
            "position": "absolute",
            "top": 300,
            "width": 600,
          }
        }
      >
        <div
          className="ReactVirtualized__Table__rowColumn"
          role="gridcell"
          style={
            Object {
              "WebkitFlex": "0 1 200px",
              "flex": "0 1 200px",
              "msFlex": "0 1 200px",
              "overflow": "hidden",
            }
          }
          title="0.9473585972815319"
        >
          0.9473585972815319
        </div>
        <div
          className="ReactVirtualized__Table__rowColumn"
          role="gridcell"
          style={
            Object {
              "WebkitFlex": "0 1 200px",
              "flex": "0 1 200px",
              "msFlex": "0 1 200px",
              "overflow": "hidden",
            }
          }
          title="0.8259208807447262"
        >
          0.8259208807447262
        </div>
        <div
          className="ReactVirtualized__Table__rowColumn"
          role="gridcell"
          style={
            Object {
              "WebkitFlex": "0 1 200px",
              "flex": "0 1 200px",
              "msFlex": "0 1 200px",
              "overflow": "hidden",
            }
          }
          title="0.6804961950278359@0.25234477159731483"
        >
          0.6804961950278359@0.25234477159731483
        </div>
      </div>
      <div
        className="ReactVirtualized__Table__row test--people-list__row"
        role="row"
        style={
          Object {
            "height": 20,
            "left": 0,
            "overflow": "hidden",
            "paddingRight": 0,
            "position": "absolute",
            "top": 320,
            "width": 600,
          }
        }
      >
        <div
          className="ReactVirtualized__Table__rowColumn"
          role="gridcell"
          style={
            Object {
              "WebkitFlex": "0 1 200px",
              "flex": "0 1 200px",
              "msFlex": "0 1 200px",
              "overflow": "hidden",
            }
          }
          title="0.7661779296096469"
        >
          0.7661779296096469
        </div>
        <div
          className="ReactVirtualized__Table__rowColumn"
          role="gridcell"
          style={
            Object {
              "WebkitFlex": "0 1 200px",
              "flex": "0 1 200px",
              "msFlex": "0 1 200px",
              "overflow": "hidden",
            }
          }
          title="0.30221232480912064"
        >
          0.30221232480912064
        </div>
        <div
          className="ReactVirtualized__Table__rowColumn"
          role="gridcell"
          style={
            Object {
              "WebkitFlex": "0 1 200px",
              "flex": "0 1 200px",
              "msFlex": "0 1 200px",
              "overflow": "hidden",
            }
          }
          title="0.7500968232054148@0.8021803091469235"
        >
          0.7500968232054148@0.8021803091469235
        </div>
      </div>
      <div
        className="ReactVirtualized__Table__row test--people-list__row"
        role="row"
        style={
          Object {
            "height": 20,
            "left": 0,
            "overflow": "hidden",
            "paddingRight": 0,
            "position": "absolute",
            "top": 340,
            "width": 600,
          }
        }
      >
        <div
          className="ReactVirtualized__Table__rowColumn"
          role="gridcell"
          style={
            Object {
              "WebkitFlex": "0 1 200px",
              "flex": "0 1 200px",
              "msFlex": "0 1 200px",
              "overflow": "hidden",
            }
          }
          title="0.5570536266937729"
        >
          0.5570536266937729
        </div>
        <div
          className="ReactVirtualized__Table__rowColumn"
          role="gridcell"
          style={
            Object {
              "WebkitFlex": "0 1 200px",
              "flex": "0 1 200px",
              "msFlex": "0 1 200px",
              "overflow": "hidden",
            }
          }
          title="0.7063149252256344"
        >
          0.7063149252256344
        </div>
        <div
          className="ReactVirtualized__Table__rowColumn"
          role="gridcell"
          style={
            Object {
              "WebkitFlex": "0 1 200px",
              "flex": "0 1 200px",
              "msFlex": "0 1 200px",
              "overflow": "hidden",
            }
          }
          title="0.4953650511551375@0.416521593198353"
        >
          0.4953650511551375@0.416521593198353
        </div>
      </div>
      <div
        className="ReactVirtualized__Table__row test--people-list__row"
        role="row"
        style={
          Object {
            "height": 20,
            "left": 0,
            "overflow": "hidden",
            "paddingRight": 0,
            "position": "absolute",
            "top": 360,
            "width": 600,
          }
        }
      >
        <div
          className="ReactVirtualized__Table__rowColumn"
          role="gridcell"
          style={
            Object {
              "WebkitFlex": "0 1 200px",
              "flex": "0 1 200px",
              "msFlex": "0 1 200px",
              "overflow": "hidden",
            }
          }
          title="0.4239841095810226"
        >
          0.4239841095810226
        </div>
        <div
          className="ReactVirtualized__Table__rowColumn"
          role="gridcell"
          style={
            Object {
              "WebkitFlex": "0 1 200px",
              "flex": "0 1 200px",
              "msFlex": "0 1 200px",
              "overflow": "hidden",
            }
          }
          title="0.11669738681339026"
        >
          0.11669738681339026
        </div>
        <div
          className="ReactVirtualized__Table__rowColumn"
          role="gridcell"
          style={
            Object {
              "WebkitFlex": "0 1 200px",
              "flex": "0 1 200px",
              "msFlex": "0 1 200px",
              "overflow": "hidden",
            }
          }
          title="0.16809088463728683@0.052300335500408135"
        >
          0.16809088463728683@0.052300335500408135
        </div>
      </div>
      <div
        className="ReactVirtualized__Table__row test--people-list__row"
        role="row"
        style={
          Object {
            "height": 20,
            "left": 0,
            "overflow": "hidden",
            "paddingRight": 0,
            "position": "absolute",
            "top": 380,
            "width": 600,
          }
        }
      >
        <div
          className="ReactVirtualized__Table__rowColumn"
          role="gridcell"
          style={
            Object {
              "WebkitFlex": "0 1 200px",
              "flex": "0 1 200px",
              "msFlex": "0 1 200px",
              "overflow": "hidden",
            }
          }
          title="0.7830181104417364"
        >
          0.7830181104417364
        </div>
        <div
          className="ReactVirtualized__Table__rowColumn"
          role="gridcell"
          style={
            Object {
              "WebkitFlex": "0 1 200px",
              "flex": "0 1 200px",
              "msFlex": "0 1 200px",
              "overflow": "hidden",
            }
          }
          title="0.04325217192530095"
        >
          0.04325217192530095
        </div>
        <div
          className="ReactVirtualized__Table__rowColumn"
          role="gridcell"
          style={
            Object {
              "WebkitFlex": "0 1 200px",
              "flex": "0 1 200px",
              "msFlex": "0 1 200px",
              "overflow": "hidden",
            }
          }
          title="0.03362356292517621@0.07928917850186035"
        >
          0.03362356292517621@0.07928917850186035
        </div>
      </div>
      <div
        className="ReactVirtualized__Table__row test--people-list__row"
        role="row"
        style={
          Object {
            "height": 20,
            "left": 0,
            "overflow": "hidden",
            "paddingRight": 0,
            "position": "absolute",
            "top": 400,
            "width": 600,
          }
        }
      >
        <div
          className="ReactVirtualized__Table__rowColumn"
          role="gridcell"
          style={
            Object {
              "WebkitFlex": "0 1 200px",
              "flex": "0 1 200px",
              "msFlex": "0 1 200px",
              "overflow": "hidden",
            }
          }
          title="0.15608821829926733"
        >
          0.15608821829926733
        </div>
        <div
          className="ReactVirtualized__Table__rowColumn"
          role="gridcell"
          style={
            Object {
              "WebkitFlex": "0 1 200px",
              "flex": "0 1 200px",
              "msFlex": "0 1 200px",
              "overflow": "hidden",
            }
          }
          title="0.4907880317667763"
        >
          0.4907880317667763
        </div>
        <div
          className="ReactVirtualized__Table__rowColumn"
          role="gridcell"
          style={
            Object {
              "WebkitFlex": "0 1 200px",
              "flex": "0 1 200px",
              "msFlex": "0 1 200px",
              "overflow": "hidden",
            }
          }
          title="0.47673927344392997@0.3850242675487796"
        >
          0.47673927344392997@0.3850242675487796
        </div>
      </div>
      <div
        className="ReactVirtualized__Table__row test--people-list__row"
        role="row"
        style={
          Object {
            "height": 20,
            "left": 0,
            "overflow": "hidden",
            "paddingRight": 0,
            "position": "absolute",
            "top": 420,
            "width": 600,
          }
        }
      >
        <div
          className="ReactVirtualized__Table__rowColumn"
          role="gridcell"
          style={
            Object {
              "WebkitFlex": "0 1 200px",
              "flex": "0 1 200px",
              "msFlex": "0 1 200px",
              "overflow": "hidden",
            }
          }
          title="0.8108528668156794"
        >
          0.8108528668156794
        </div>
        <div
          className="ReactVirtualized__Table__rowColumn"
          role="gridcell"
          style={
            Object {
              "WebkitFlex": "0 1 200px",
              "flex": "0 1 200px",
              "msFlex": "0 1 200px",
              "overflow": "hidden",
            }
          }
          title="0.14002450376313957"
        >
          0.14002450376313957
        </div>
        <div
          className="ReactVirtualized__Table__rowColumn"
          role="gridcell"
          style={
            Object {
              "WebkitFlex": "0 1 200px",
              "flex": "0 1 200px",
              "msFlex": "0 1 200px",
              "overflow": "hidden",
            }
          }
          title="0.8980023192710553@0.32093470299496163"
        >
          0.8980023192710553@0.32093470299496163
        </div>
      </div>
      <div
        className="ReactVirtualized__Table__row test--people-list__row"
        role="row"
        style={
          Object {
            "height": 20,
            "left": 0,
            "overflow": "hidden",
            "paddingRight": 0,
            "position": "absolute",
            "top": 440,
            "width": 600,
          }
        }
      >
        <div
          className="ReactVirtualized__Table__rowColumn"
          role="gridcell"
          style={
            Object {
              "WebkitFlex": "0 1 200px",
              "flex": "0 1 200px",
              "msFlex": "0 1 200px",
              "overflow": "hidden",
            }
          }
          title="0.8346696423628424"
        >
          0.8346696423628424
        </div>
        <div
          className="ReactVirtualized__Table__rowColumn"
          role="gridcell"
          style={
            Object {
              "WebkitFlex": "0 1 200px",
              "flex": "0 1 200px",
              "msFlex": "0 1 200px",
              "overflow": "hidden",
            }
          }
          title="0.1630165175115157"
        >
          0.1630165175115157
        </div>
        <div
          className="ReactVirtualized__Table__rowColumn"
          role="gridcell"
          style={
            Object {
              "WebkitFlex": "0 1 200px",
              "flex": "0 1 200px",
              "msFlex": "0 1 200px",
              "overflow": "hidden",
            }
          }
          title="0.03371434578291854@0.3529673203151975"
        >
          0.03371434578291854@0.3529673203151975
        </div>
      </div>
      <div
        className="ReactVirtualized__Table__row test--people-list__row"
        role="row"
        style={
          Object {
            "height": 20,
            "left": 0,
            "overflow": "hidden",
            "paddingRight": 0,
            "position": "absolute",
            "top": 460,
            "width": 600,
          }
        }
      >
        <div
          className="ReactVirtualized__Table__rowColumn"
          role="gridcell"
          style={
            Object {
              "WebkitFlex": "0 1 200px",
              "flex": "0 1 200px",
              "msFlex": "0 1 200px",
              "overflow": "hidden",
            }
          }
          title="0.09755334357920509"
        >
          0.09755334357920509
        </div>
        <div
          className="ReactVirtualized__Table__rowColumn"
          role="gridcell"
          style={
            Object {
              "WebkitFlex": "0 1 200px",
              "flex": "0 1 200px",
              "msFlex": "0 1 200px",
              "overflow": "hidden",
            }
          }
          title="0.36680526569826566"
        >
          0.36680526569826566
        </div>
        <div
          className="ReactVirtualized__Table__rowColumn"
          role="gridcell"
          style={
            Object {
              "WebkitFlex": "0 1 200px",
              "flex": "0 1 200px",
              "msFlex": "0 1 200px",
              "overflow": "hidden",
            }
          }
          title="0.626496389179716@0.714280880331283"
        >
          0.626496389179716@0.714280880331283
        </div>
      </div>
    </div>
  </div>
</div>
`;
